// Jest Snapshot v1, https://goo.gl/fbAQLP

exports[`App renders the UI as expected 1`] = `
Object {
  "asFragment": [Function],
  "baseElement": <body>
    <div>
      <div
        class="parent-div"
      >
        <div
          class="my-profile"
        >
          <div
            class="slideshow-container"
          >
            <div
              class="mySlides fade"
              style="display: flex;"
            >
              <img
                alt="the_happy_place"
                src="https://finalspaceapi.com/api/episode/image/the_happy_place.jpg"
              />
            </div>
            <div
              class="mySlides fade"
              style="display: none;"
            >
              <img
                alt="the_other_side"
                src="https://finalspaceapi.com/api/episode/image/the_other_side.jpg"
              />
            </div>
            <div
              class="mySlides fade"
              style="display: none;"
            >
              <img
                alt="the_arachnitects"
                src="https://finalspaceapi.com/api/episode/image/the_arachnitects.jpg"
              />
            </div>
            <div
              class="mySlides fade"
              style="display: none;"
            >
              <img
                alt="the_remembered"
                src="https://finalspaceapi.com/api/episode/image/the_remembered.jpg"
              />
            </div>
            <div
              class="mySlides fade"
              style="display: none;"
            >
              <img
                alt="descent_into_darkness"
                src="https://finalspaceapi.com/api/episode/image/the_descent_into_darkness.jpg"
              />
            </div>
          </div>
          <div
            class="my-profile-info"
          >
            <h1>
              FINAL SPACE
            </h1>
            <h3>
              0 
              Characters
            </h3>
            <h3>
              0 
              Episodes
            </h3>
          </div>
        </div>
        <div>
          <input
            class="character-input"
            name="character"
            placeholder="search character name..."
            type="text"
            value=""
          />
          <div
            class="character-Container"
          />
        </div>
      </div>
    </div>
  </body>,
  "container": <div>
    <div
      class="parent-div"
    >
      <div
        class="my-profile"
      >
        <div
          class="slideshow-container"
        >
          <div
            class="mySlides fade"
            style="display: flex;"
          >
            <img
              alt="the_happy_place"
              src="https://finalspaceapi.com/api/episode/image/the_happy_place.jpg"
            />
          </div>
          <div
            class="mySlides fade"
            style="display: none;"
          >
            <img
              alt="the_other_side"
              src="https://finalspaceapi.com/api/episode/image/the_other_side.jpg"
            />
          </div>
          <div
            class="mySlides fade"
            style="display: none;"
          >
            <img
              alt="the_arachnitects"
              src="https://finalspaceapi.com/api/episode/image/the_arachnitects.jpg"
            />
          </div>
          <div
            class="mySlides fade"
            style="display: none;"
          >
            <img
              alt="the_remembered"
              src="https://finalspaceapi.com/api/episode/image/the_remembered.jpg"
            />
          </div>
          <div
            class="mySlides fade"
            style="display: none;"
          >
            <img
              alt="descent_into_darkness"
              src="https://finalspaceapi.com/api/episode/image/the_descent_into_darkness.jpg"
            />
          </div>
        </div>
        <div
          class="my-profile-info"
        >
          <h1>
            FINAL SPACE
          </h1>
          <h3>
            0 
            Characters
          </h3>
          <h3>
            0 
            Episodes
          </h3>
        </div>
      </div>
      <div>
        <input
          class="character-input"
          name="character"
          placeholder="search character name..."
          type="text"
          value=""
        />
        <div
          class="character-Container"
        />
      </div>
    </div>
  </div>,
  "debug": [Function],
  "findAllByAltText": [Function],
  "findAllByDisplayValue": [Function],
  "findAllByLabelText": [Function],
  "findAllByPlaceholderText": [Function],
  "findAllByRole": [Function],
  "findAllByTestId": [Function],
  "findAllByText": [Function],
  "findAllByTitle": [Function],
  "findByAltText": [Function],
  "findByDisplayValue": [Function],
  "findByLabelText": [Function],
  "findByPlaceholderText": [Function],
  "findByRole": [Function],
  "findByTestId": [Function],
  "findByText": [Function],
  "findByTitle": [Function],
  "getAllByAltText": [Function],
  "getAllByDisplayValue": [Function],
  "getAllByLabelText": [Function],
  "getAllByPlaceholderText": [Function],
  "getAllByRole": [Function],
  "getAllByTestId": [Function],
  "getAllByText": [Function],
  "getAllByTitle": [Function],
  "getByAltText": [Function],
  "getByDisplayValue": [Function],
  "getByLabelText": [Function],
  "getByPlaceholderText": [Function],
  "getByRole": [Function],
  "getByTestId": [Function],
  "getByText": [Function],
  "getByTitle": [Function],
  "queryAllByAltText": [Function],
  "queryAllByDisplayValue": [Function],
  "queryAllByLabelText": [Function],
  "queryAllByPlaceholderText": [Function],
  "queryAllByRole": [Function],
  "queryAllByTestId": [Function],
  "queryAllByText": [Function],
  "queryAllByTitle": [Function],
  "queryByAltText": [Function],
  "queryByDisplayValue": [Function],
  "queryByLabelText": [Function],
  "queryByPlaceholderText": [Function],
  "queryByRole": [Function],
  "queryByTestId": [Function],
  "queryByText": [Function],
  "queryByTitle": [Function],
  "rerender": [Function],
  "unmount": [Function],
}
`;
